Epoch 1/50

[1m  1/600[0m [37m====================[0m [1m18:14[0m 2s/step - accuracy: 0.1250 - loss: 2.0641 - top_3_accuracy: 0.6016
[1m  6/600[0m [37m====================[0m [1m7s[0m 12ms/step - accuracy: 0.1434 - loss: 2.1176 - top_3_accuracy: 0.6309 
[1m  9/600[0m [37m====================[0m [1m8s[0m 14ms/step - accuracy: 0.1548 - loss: 2.0973 - top_3_accuracy: 0.6418
[1m 12/600[0m [37m====================[0m [1m9s[0m 15ms/step - accuracy: 0.1638 - loss: 2.0553 - top_3_accuracy: 0.6516
[1m 15/600[0m [37m====================[0m [1m9s[0m 16ms/step - accuracy: 0.1720 - loss: 2.0124 - top_3_accuracy: 0.6607
[1m 18/600[0m [37m====================[0m [1m9s[0m 17ms/step - accuracy: 0.1798 - loss: 1.9637 - top_3_accuracy: 0.6695
[1m 21/600[0m [37m====================[0m [1m9s[0m 17ms/step - accuracy: 0.1867 - loss: 1.9203 - top_3_accuracy: 0.6772
[1m 24/600[0m [37m====================[0m [1m9s[0m 17ms/step - accuracy: 0.1938 - loss: 1.8844 - top_3_accuracy: 0.6848
[1m 28/600[0m [37m====================[0m [1m9s[0m 17ms/step - accuracy: 0.2025 - loss: 1.8446 - top_3_accuracy: 0.6942
[1m 31/600[0m [32m=[0m[37m===================[0m [1m9s[0m 17ms/step - accuracy: 0.2087 - loss: 1.8162 - top_3_accuracy: 0.7009
[1m 35/600[0m [32m=[0m[37m===================[0m [1m9s[0m 17ms/step - accuracy: 0.2166 - loss: 1.7787 - top_3_accuracy: 0.7094
[1m 38/600[0m [32m=[0m[37m===================[0m [1m9s[0m 17ms/step - accuracy: 0.2224 - loss: 1.7509 - top_3_accuracy: 0.7155
[1m 41/600[0m [32m=[0m[37m===================[0m [1m9s[0m 17ms/step - accuracy: 0.2281 - loss: 1.7265 - top_3_accuracy: 0.7214
[1m 44/600[0m [32m=[0m[37m===================[0m [1m9s[0m 17ms/step - accuracy: 0.2338 - loss: 1.7031 - top_3_accuracy: 0.7270
[1m 47/600[0m [32m=[0m[37m===================[0m [1m9s[0m 17ms/step - accuracy: 0.2393 - loss: 1.6812 - top_3_accuracy: 0.7323
[1m 51/600[0m [32m=[0m[37m===================[0m [1m9s[0m 18ms/step - accuracy: 0.2463 - loss: 1.6536 - top_3_accuracy: 0.7390
[1m 54/600[0m [32m=[0m[37m===================[0m [1m9s[0m 18ms/step - accuracy: 0.2513 - loss: 1.6361 - top_3_accuracy: 0.7439
[1m 58/600[0m [32m=[0m[37m===================[0m [1m9s[0m 18ms/step - accuracy: 0.2577 - loss: 1.6147 - top_3_accuracy: 0.7500
[1m 63/600[0m [32m==[0m[37m==================[0m [1m9s[0m 17ms/step - accuracy: 0.2652 - loss: 1.5913 - top_3_accuracy: 0.7572
[1m 66/600[0m [32m==[0m[37m==================[0m [1m9s[0m 17ms/step - accuracy: 0.2694 - loss: 1.5781 - top_3_accuracy: 0.7613
[1m 69/600[0m [32m==[0m[37m==================[0m [1m9s[0m 17ms/step - accuracy: 0.2734 - loss: 1.5651 - top_3_accuracy: 0.7652
[1m 72/600[0m [32m==[0m[37m==================[0m [1m9s[0m 17ms/step - accuracy: 0.2773 - loss: 1.5527 - top_3_accuracy: 0.7689
[1m 75/600[0m [32m==[0m[37m==================[0m [1m9s[0m 17ms/step - accuracy: 0.2809 - loss: 1.5407 - top_3_accuracy: 0.7724
[1m 78/600[0m [32m==[0m[37m==================[0m [1m9s[0m 17ms/step - accuracy: 0.2844 - loss: 1.5289 - top_3_accuracy: 0.7757
[1m 81/600[0m [32m==[0m[37m==================[0m [1m9s[0m 17ms/step - accuracy: 0.2877 - loss: 1.5175 - top_3_accuracy: 0.7789
[1m 85/600[0m [32m==[0m[37m==================[0m [1m8s[0m 17ms/step - accuracy: 0.2918 - loss: 1.5030 - top_3_accuracy: 0.7828
[1m 89/600[0m [32m==[0m[37m==================[0m [1m8s[0m 17ms/step - accuracy: 0.2957 - loss: 1.4897 - top_3_accuracy: 0.7866
[1m 93/600[0m [32m===[0m[37m=================[0m [1m8s[0m 17ms/step - accuracy: 0.2994 - loss: 1.4774 - top_3_accuracy: 0.7901
[1m 96/600[0m [32m===[0m[37m=================[0m [1m8s[0m 17ms/step - accuracy: 0.3022 - loss: 1.4683 - top_3_accuracy: 0.7926
[1m100/600[0m [32m===[0m[37m=================[0m [1m8s[0m 17ms/step - accuracy: 0.3057 - loss: 1.4565 - top_3_accuracy: 0.7959
[1m105/600[0m [32m===[0m[37m=================[0m [1m8s[0m 17ms/step - accuracy: 0.3101 - loss: 1.4423 - top_3_accuracy: 0.7998
[1m110/600[0m [32m===[0m[37m=================[0m [1m8s[0m 16ms/step - accuracy: 0.3144 - loss: 1.4292 - top_3_accuracy: 0.8035
[1m115/600[0m [32m===[0m[37m=================[0m [1m7s[0m 16ms/step - accuracy: 0.3186 - loss: 1.4166 - top_3_accuracy: 0.8070
[1m119/600[0m [32m===[0m[37m=================[0m [1m7s[0m 16ms/step - accuracy: 0.3218 - loss: 1.4069 - top_3_accuracy: 0.8097
[1m122/600[0m [32m====[0m[37m================[0m [1m7s[0m 16ms/step - accuracy: 0.3241 - loss: 1.3997 - top_3_accuracy: 0.8116
[1m125/600[0m [32m====[0m[37m================[0m [1m7s[0m 16ms/step - accuracy: 0.3263 - loss: 1.3926 - top_3_accuracy: 0.8135
[1m128/600[0m [32m====[0m[37m================[0m [1m7s[0m 16ms/step - accuracy: 0.3285 - loss: 1.3858 - top_3_accuracy: 0.8153
[1m131/600[0m [32m====[0m[37m================[0m [1m7s[0m 16ms/step - accuracy: 0.3306 - loss: 1.3797 - top_3_accuracy: 0.8171
[1m135/600[0m [32m====[0m[37m================[0m [1m7s[0m 16ms/step - accuracy: 0.3333 - loss: 1.3717 - top_3_accuracy: 0.8194
[1m139/600[0m [32m====[0m[37m================[0m [1m7s[0m 16ms/step - accuracy: 0.3358 - loss: 1.3640 - top_3_accuracy: 0.8216
[1m143/600[0m [32m====[0m[37m================[0m [1m7s[0m 16ms/step - accuracy: 0.3382 - loss: 1.3565 - top_3_accuracy: 0.8238
[1m148/600[0m [32m====[0m[37m================[0m [1m7s[0m 16ms/step - accuracy: 0.3412 - loss: 1.3472 - top_3_accuracy: 0.8264
[1m151/600[0m [32m=====[0m[37m===============[0m [1m7s[0m 16ms/step - accuracy: 0.3428 - loss: 1.3418 - top_3_accuracy: 0.8278
[1m154/600[0m [32m=====[0m[37m===============[0m [1m7s[0m 16ms/step - accuracy: 0.3445 - loss: 1.3365 - top_3_accuracy: 0.8293
[1m157/600[0m [32m=====[0m[37m===============[0m [1m7s[0m 16ms/step - accuracy: 0.3460 - loss: 1.3312 - top_3_accuracy: 0.8307
[1m160/600[0m [32m=====[0m[37m===============[0m [1m7s[0m 16ms/step - accuracy: 0.3476 - loss: 1.3260 - top_3_accuracy: 0.8321
[1m164/600[0m [32m=====[0m[37m===============[0m [1m7s[0m 16ms/step - accuracy: 0.3496 - loss: 1.3192 - top_3_accuracy: 0.8339
[1m168/600[0m [32m=====[0m[37m===============[0m [1m7s[0m 16ms/step - accuracy: 0.3516 - loss: 1.3125 - top_3_accuracy: 0.8357
[1m171/600[0m [32m=====[0m[37m===============[0m [1m6s[0m 16ms/step - accuracy: 0.3531 - loss: 1.3075 - top_3_accuracy: 0.8369
[1m174/600[0m [32m=====[0m[37m===============[0m [1m6s[0m 16ms/step - accuracy: 0.3546 - loss: 1.3028 - top_3_accuracy: 0.8382
[1m177/600[0m [32m=====[0m[37m===============[0m [1m6s[0m 16ms/step - accuracy: 0.3560 - loss: 1.2982 - top_3_accuracy: 0.8394
[1m180/600[0m [32m======[0m[37m==============[0m [1m6s[0m 16ms/step - accuracy: 0.3575 - loss: 1.2937 - top_3_accuracy: 0.8406
[1m183/600[0m [32m======[0m[37m==============[0m [1m6s[0m 16ms/step - accuracy: 0.3589 - loss: 1.2893 - top_3_accuracy: 0.8418
[1m187/600[0m [32m======[0m[37m==============[0m [1m6s[0m 16ms/step - accuracy: 0.3607 - loss: 1.2837 - top_3_accuracy: 0.8433
[1m190/600[0m [32m======[0m[37m==============[0m [1m6s[0m 16ms/step - accuracy: 0.3621 - loss: 1.2795 - top_3_accuracy: 0.8444
[1m194/600[0m [32m======[0m[37m==============[0m [1m6s[0m 16ms/step - accuracy: 0.3638 - loss: 1.2741 - top_3_accuracy: 0.8458
[1m197/600[0m [32m======[0m[37m==============[0m [1m6s[0m 17ms/step - accuracy: 0.3651 - loss: 1.2701 - top_3_accuracy: 0.8469
[1m200/600[0m [32m======[0m[37m==============[0m [1m6s[0m 17ms/step - accuracy: 0.3663 - loss: 1.2663 - top_3_accuracy: 0.8479
[1m203/600[0m [32m======[0m[37m==============[0m [1m6s[0m 17ms/step - accuracy: 0.3675 - loss: 1.2625 - top_3_accuracy: 0.8489
[1m207/600[0m [32m======[0m[37m==============[0m [1m6s[0m 17ms/step - accuracy: 0.3691 - loss: 1.2575 - top_3_accuracy: 0.8502
[1m210/600[0m [32m=======[0m[37m=============[0m [1m6s[0m 17ms/step - accuracy: 0.3702 - loss: 1.2538 - top_3_accuracy: 0.8512
[1m213/600[0m [32m=======[0m[37m=============[0m [1m6s[0m 17ms/step - accuracy: 0.3714 - loss: 1.2502 - top_3_accuracy: 0.8522
[1m216/600[0m [32m=======[0m[37m=============[0m [1m6s[0m 17ms/step - accuracy: 0.3725 - loss: 1.2467 - top_3_accuracy: 0.8531
[1m219/600[0m [32m=======[0m[37m=============[0m [1m6s[0m 17ms/step - accuracy: 0.3736 - loss: 1.2431 - top_3_accuracy: 0.8540
[1m222/600[0m [32m=======[0m[37m=============[0m [1m6s[0m 17ms/step - accuracy: 0.3746 - loss: 1.2395 - top_3_accuracy: 0.8549
[1m225/600[0m [32m=======[0m[37m=============[0m [1m6s[0m 17ms/step - accuracy: 0.3757 - loss: 1.2360 - top_3_accuracy: 0.8558
[1m228/600[0m [32m=======[0m[37m=============[0m [1m6s[0m 17ms/step - accuracy: 0.3768 - loss: 1.2326 - top_3_accuracy: 0.8567
[1m232/600[0m [32m=======[0m[37m=============[0m [1m6s[0m 17ms/step - accuracy: 0.3781 - loss: 1.2282 - top_3_accuracy: 0.8579
[1m235/600[0m [32m=======[0m[37m=============[0m [1m6s[0m 17ms/step - accuracy: 0.3791 - loss: 1.2249 - top_3_accuracy: 0.8587
[1m238/600[0m [32m=======[0m[37m=============[0m [1m6s[0m 17ms/step - accuracy: 0.3802 - loss: 1.2218 - top_3_accuracy: 0.8596
[1m242/600[0m [32m========[0m[37m============[0m [1m6s[0m 17ms/step - accuracy: 0.3815 - loss: 1.2176 - top_3_accuracy: 0.8607
[1m245/600[0m [32m========[0m[37m============[0m [1m5s[0m 17ms/step - accuracy: 0.3824 - loss: 1.2146 - top_3_accuracy: 0.8615
[1m249/600[0m [32m========[0m[37m============[0m [1m5s[0m 17ms/step - accuracy: 0.3837 - loss: 1.2106 - top_3_accuracy: 0.8625
[1m253/600[0m [32m========[0m[37m============[0m [1m5s[0m 17ms/step - accuracy: 0.3849 - loss: 1.2066 - top_3_accuracy: 0.8636
[1m257/600[0m [32m========[0m[37m============[0m [1m5s[0m 17ms/step - accuracy: 0.3861 - loss: 1.2028 - top_3_accuracy: 0.8646
[1m260/600[0m [32m========[0m[37m============[0m [1m5s[0m 17ms/step - accuracy: 0.3870 - loss: 1.1999 - top_3_accuracy: 0.8653
[1m264/600[0m [32m========[0m[37m============[0m [1m5s[0m 17ms/step - accuracy: 0.3881 - loss: 1.1961 - top_3_accuracy: 0.8663
[1m267/600[0m [32m========[0m[37m============[0m [1m5s[0m 17ms/step - accuracy: 0.3890 - loss: 1.1934 - top_3_accuracy: 0.8670
[1m270/600[0m [32m=========[0m[37m===========[0m [1m5s[0m 17ms/step - accuracy: 0.3898 - loss: 1.1907 - top_3_accuracy: 0.8677
[1m273/600[0m [32m=========[0m[37m===========[0m [1m5s[0m 17ms/step - accuracy: 0.3906 - loss: 1.1880 - top_3_accuracy: 0.8685
[1m276/600[0m [32m=========[0m[37m===========[0m [1m5s[0m 17ms/step - accuracy: 0.3914 - loss: 1.1853 - top_3_accuracy: 0.8691
[1m279/600[0m [32m=========[0m[37m===========[0m [1m5s[0m 17ms/step - accuracy: 0.3922 - loss: 1.1827 - top_3_accuracy: 0.8698
[1m282/600[0m [32m=========[0m[37m===========[0m [1m5s[0m 17ms/step - accuracy: 0.3930 - loss: 1.1801 - top_3_accuracy: 0.8705
[1m285/600[0m [32m=========[0m[37m===========[0m [1m5s[0m 17ms/step - accuracy: 0.3937 - loss: 1.1776 - top_3_accuracy: 0.8712
[1m288/600[0m [32m=========[0m[37m===========[0m [1m5s[0m 17ms/step - accuracy: 0.3945 - loss: 1.1751 - top_3_accuracy: 0.8718
[1m291/600[0m [32m=========[0m[37m===========[0m [1m5s[0m 17ms/step - accuracy: 0.3952 - loss: 1.1725 - top_3_accuracy: 0.8725
[1m294/600[0m [32m=========[0m[37m===========[0m [1m5s[0m 17ms/step - accuracy: 0.3960 - loss: 1.1701 - top_3_accuracy: 0.8731
[1m298/600[0m [32m=========[0m[37m===========[0m [1m5s[0m 17ms/step - accuracy: 0.3970 - loss: 1.1668 - top_3_accuracy: 0.8740
[1m301/600[0m [32m==========[0m[37m==========[0m [1m5s[0m 17ms/step - accuracy: 0.3977 - loss: 1.1644 - top_3_accuracy: 0.8746
[1m304/600[0m [32m==========[0m[37m==========[0m [1m5s[0m 17ms/step - accuracy: 0.3984 - loss: 1.1620 - top_3_accuracy: 0.8752
[1m308/600[0m [32m==========[0m[37m==========[0m [1m4s[0m 17ms/step - accuracy: 0.3994 - loss: 1.1588 - top_3_accuracy: 0.8760
[1m311/600[0m [32m==========[0m[37m==========[0m [1m4s[0m 17ms/step - accuracy: 0.4001 - loss: 1.1565 - top_3_accuracy: 0.8766
[1m314/600[0m [32m==========[0m[37m==========[0m [1m4s[0m 17ms/step - accuracy: 0.4008 - loss: 1.1541 - top_3_accuracy: 0.8772
[1m318/600[0m [32m==========[0m[37m==========[0m [1m4s[0m 17ms/step - accuracy: 0.4017 - loss: 1.1510 - top_3_accuracy: 0.8779
[1m322/600[0m [32m==========[0m[37m==========[0m [1m4s[0m 17ms/step - accuracy: 0.4027 - loss: 1.1480 - top_3_accuracy: 0.8787
[1m326/600[0m [32m==========[0m[37m==========[0m [1m4s[0m 17ms/step - accuracy: 0.4036 - loss: 1.1450 - top_3_accuracy: 0.8794
[1m329/600[0m [32m==========[0m[37m==========[0m [1m4s[0m 17ms/step - accuracy: 0.4043 - loss: 1.1428 - top_3_accuracy: 0.8800
[1m332/600[0m [32m===========[0m[37m=========[0m [1m4s[0m 17ms/step - accuracy: 0.4050 - loss: 1.1407 - top_3_accuracy: 0.8805
[1m335/600[0m [32m===========[0m[37m=========[0m [1m4s[0m 17ms/step - accuracy: 0.4057 - loss: 1.1386 - top_3_accuracy: 0.8811
[1m338/600[0m [32m===========[0m[37m=========[0m [1m4s[0m 17ms/step - accuracy: 0.4064 - loss: 1.1365 - top_3_accuracy: 0.8816
[1m342/600[0m [32m===========[0m[37m=========[0m [1m4s[0m 17ms/step - accuracy: 0.4073 - loss: 1.1338 - top_3_accuracy: 0.8823
[1m345/600[0m [32m===========[0m[37m=========[0m [1m4s[0m 17ms/step - accuracy: 0.4080 - loss: 1.1319 - top_3_accuracy: 0.8828
[1m349/600[0m [32m===========[0m[37m=========[0m [1m4s[0m 17ms/step - accuracy: 0.4088 - loss: 1.1293 - top_3_accuracy: 0.8835
[1m352/600[0m [32m===========[0m[37m=========[0m [1m4s[0m 17ms/step - accuracy: 0.4095 - loss: 1.1274 - top_3_accuracy: 0.8840
[1m355/600[0m [32m===========[0m[37m=========[0m [1m4s[0m 17ms/step - accuracy: 0.4101 - loss: 1.1255 - top_3_accuracy: 0.8845
[1m358/600[0m [32m===========[0m[37m=========[0m [1m4s[0m 17ms/step - accuracy: 0.4107 - loss: 1.1237 - top_3_accuracy: 0.8850
[1m361/600[0m [32m============[0m[37m========[0m [1m4s[0m 17ms/step - accuracy: 0.4114 - loss: 1.1218 - top_3_accuracy: 0.8855
[1m364/600[0m [32m============[0m[37m========[0m [1m4s[0m 17ms/step - accuracy: 0.4120 - loss: 1.1199 - top_3_accuracy: 0.8860
[1m367/600[0m [32m============[0m[37m========[0m [1m3s[0m 17ms/step - accuracy: 0.4126 - loss: 1.1181 - top_3_accuracy: 0.8864
[1m371/600[0m [32m============[0m[37m========[0m [1m3s[0m 17ms/step - accuracy: 0.4134 - loss: 1.1157 - top_3_accuracy: 0.8871
[1m375/600[0m [32m============[0m[37m========[0m [1m3s[0m 17ms/step - accuracy: 0.4142 - loss: 1.1133 - top_3_accuracy: 0.8877
[1m378/600[0m [32m============[0m[37m========[0m [1m3s[0m 17ms/step - accuracy: 0.4148 - loss: 1.1115 - top_3_accuracy: 0.8881
[1m382/600[0m [32m============[0m[37m========[0m [1m3s[0m 17ms/step - accuracy: 0.4156 - loss: 1.1091 - top_3_accuracy: 0.8887
[1m386/600[0m [32m============[0m[37m========[0m [1m3s[0m 17ms/step - accuracy: 0.4164 - loss: 1.1068 - top_3_accuracy: 0.8893
[1m389/600[0m [32m============[0m[37m========[0m [1m3s[0m 17ms/step - accuracy: 0.4170 - loss: 1.1051 - top_3_accuracy: 0.8898
[1m392/600[0m [32m=============[0m[37m=======[0m [1m3s[0m 17ms/step - accuracy: 0.4176 - loss: 1.1034 - top_3_accuracy: 0.8902
[1m395/600[0m [32m=============[0m[37m=======[0m [1m3s[0m 17ms/step - accuracy: 0.4182 - loss: 1.1017 - top_3_accuracy: 0.8907
[1m398/600[0m [32m=============[0m[37m=======[0m [1m3s[0m 17ms/step - accuracy: 0.4187 - loss: 1.1000 - top_3_accuracy: 0.8911
[1m401/600[0m [32m=============[0m[37m=======[0m [1m3s[0m 17ms/step - accuracy: 0.4193 - loss: 1.0984 - top_3_accuracy: 0.8915
[1m404/600[0m [32m=============[0m[37m=======[0m [1m3s[0m 17ms/step - accuracy: 0.4199 - loss: 1.0968 - top_3_accuracy: 0.8919
[1m407/600[0m [32m=============[0m[37m=======[0m [1m3s[0m 17ms/step - accuracy: 0.4205 - loss: 1.0951 - top_3_accuracy: 0.8923
[1m410/600[0m [32m=============[0m[37m=======[0m [1m3s[0m 17ms/step - accuracy: 0.4210 - loss: 1.0935 - top_3_accuracy: 0.8927
[1m414/600[0m [32m=============[0m[37m=======[0m [1m3s[0m 17ms/step - accuracy: 0.4218 - loss: 1.0915 - top_3_accuracy: 0.8933
[1m417/600[0m [32m=============[0m[37m=======[0m [1m3s[0m 17ms/step - accuracy: 0.4223 - loss: 1.0899 - top_3_accuracy: 0.8937
[1m420/600[0m [32m==============[0m[37m======[0m [1m3s[0m 17ms/step - accuracy: 0.4229 - loss: 1.0884 - top_3_accuracy: 0.8941
[1m423/600[0m [32m==============[0m[37m======[0m [1m3s[0m 17ms/step - accuracy: 0.4234 - loss: 1.0869 - top_3_accuracy: 0.8945
[1m427/600[0m [32m==============[0m[37m======[0m [1m2s[0m 17ms/step - accuracy: 0.4241 - loss: 1.0849 - top_3_accuracy: 0.8950
[1m430/600[0m [32m==============[0m[37m======[0m [1m2s[0m 17ms/step - accuracy: 0.4246 - loss: 1.0835 - top_3_accuracy: 0.8954
[1m433/600[0m [32m==============[0m[37m======[0m [1m2s[0m 17ms/step - accuracy: 0.4252 - loss: 1.0820 - top_3_accuracy: 0.8958
[1m437/600[0m [32m==============[0m[37m======[0m [1m2s[0m 17ms/step - accuracy: 0.4258 - loss: 1.0801 - top_3_accuracy: 0.8963
[1m441/600[0m [32m==============[0m[37m======[0m [1m2s[0m 17ms/step - accuracy: 0.4265 - loss: 1.0782 - top_3_accuracy: 0.8967
[1m445/600[0m [32m==============[0m[37m======[0m [1m2s[0m 17ms/step - accuracy: 0.4272 - loss: 1.0763 - top_3_accuracy: 0.8972
[1m448/600[0m [32m==============[0m[37m======[0m [1m2s[0m 17ms/step - accuracy: 0.4277 - loss: 1.0749 - top_3_accuracy: 0.8976
[1m452/600[0m [32m===============[0m[37m=====[0m [1m2s[0m 17ms/step - accuracy: 0.4284 - loss: 1.0730 - top_3_accuracy: 0.8981
[1m455/600[0m [32m===============[0m[37m=====[0m [1m2s[0m 17ms/step - accuracy: 0.4288 - loss: 1.0716 - top_3_accuracy: 0.8984
[1m458/600[0m [32m===============[0m[37m=====[0m [1m2s[0m 17ms/step - accuracy: 0.4293 - loss: 1.0703 - top_3_accuracy: 0.8988
[1m461/600[0m [32m===============[0m[37m=====[0m [1m2s[0m 17ms/step - accuracy: 0.4298 - loss: 1.0689 - top_3_accuracy: 0.8991
[1m464/600[0m [32m===============[0m[37m=====[0m [1m2s[0m 17ms/step - accuracy: 0.4303 - loss: 1.0676 - top_3_accuracy: 0.8994
[1m467/600[0m [32m===============[0m[37m=====[0m [1m2s[0m 17ms/step - accuracy: 0.4307 - loss: 1.0662 - top_3_accuracy: 0.8998
[1m470/600[0m [32m===============[0m[37m=====[0m [1m2s[0m 17ms/step - accuracy: 0.4312 - loss: 1.0649 - top_3_accuracy: 0.9001
[1m473/600[0m [32m===============[0m[37m=====[0m [1m2s[0m 17ms/step - accuracy: 0.4316 - loss: 1.0636 - top_3_accuracy: 0.9004
[1m476/600[0m [32m===============[0m[37m=====[0m [1m2s[0m 17ms/step - accuracy: 0.4321 - loss: 1.0622 - top_3_accuracy: 0.9007
[1m479/600[0m [32m===============[0m[37m=====[0m [1m2s[0m 17ms/step - accuracy: 0.4326 - loss: 1.0609 - top_3_accuracy: 0.9011
[1m482/600[0m [32m================[0m[37m====[0m [1m2s[0m 17ms/step - accuracy: 0.4330 - loss: 1.0596 - top_3_accuracy: 0.9014
[1m486/600[0m [32m================[0m[37m====[0m [1m1s[0m 17ms/step - accuracy: 0.4336 - loss: 1.0579 - top_3_accuracy: 0.9018
[1m489/600[0m [32m================[0m[37m====[0m [1m1s[0m 17ms/step - accuracy: 0.4341 - loss: 1.0566 - top_3_accuracy: 0.9021
[1m492/600[0m [32m================[0m[37m====[0m [1m1s[0m 17ms/step - accuracy: 0.4345 - loss: 1.0553 - top_3_accuracy: 0.9024
[1m496/600[0m [32m================[0m[37m====[0m [1m1s[0m 17ms/step - accuracy: 0.4351 - loss: 1.0536 - top_3_accuracy: 0.9028
[1m499/600[0m [32m================[0m[37m====[0m [1m1s[0m 17ms/step - accuracy: 0.4356 - loss: 1.0524 - top_3_accuracy: 0.9031
[1m502/600[0m [32m================[0m[37m====[0m [1m1s[0m 17ms/step - accuracy: 0.4360 - loss: 1.0512 - top_3_accuracy: 0.9035
[1m506/600[0m [32m================[0m[37m====[0m [1m1s[0m 17ms/step - accuracy: 0.4366 - loss: 1.0495 - top_3_accuracy: 0.9039
[1m509/600[0m [32m================[0m[37m====[0m [1m1s[0m 17ms/step - accuracy: 0.4370 - loss: 1.0483 - top_3_accuracy: 0.9041
[1m513/600[0m [32m=================[0m[37m===[0m [1m1s[0m 17ms/step - accuracy: 0.4376 - loss: 1.0467 - top_3_accuracy: 0.9045
[1m516/600[0m [32m=================[0m[37m===[0m [1m1s[0m 17ms/step - accuracy: 0.4381 - loss: 1.0454 - top_3_accuracy: 0.9048
[1m519/600[0m [32m=================[0m[37m===[0m [1m1s[0m 17ms/step - accuracy: 0.4385 - loss: 1.0442 - top_3_accuracy: 0.9051
[1m522/600[0m [32m=================[0m[37m===[0m [1m1s[0m 17ms/step - accuracy: 0.4389 - loss: 1.0430 - top_3_accuracy: 0.9054
[1m526/600[0m [32m=================[0m[37m===[0m [1m1s[0m 17ms/step - accuracy: 0.4395 - loss: 1.0415 - top_3_accuracy: 0.9058
[1m530/600[0m [32m=================[0m[37m===[0m [1m1s[0m 17ms/step - accuracy: 0.4401 - loss: 1.0399 - top_3_accuracy: 0.9062
[1m533/600[0m [32m=================[0m[37m===[0m [1m1s[0m 17ms/step - accuracy: 0.4405 - loss: 1.0388 - top_3_accuracy: 0.9064
[1m536/600[0m [32m=================[0m[37m===[0m [1m1s[0m 17ms/step - accuracy: 0.4410 - loss: 1.0376 - top_3_accuracy: 0.9067
[1m539/600[0m [32m=================[0m[37m===[0m [1m1s[0m 17ms/step - accuracy: 0.4414 - loss: 1.0365 - top_3_accuracy: 0.9070
[1m543/600[0m [32m==================[0m[37m==[0m [1m0s[0m 17ms/step - accuracy: 0.4419 - loss: 1.0350 - top_3_accuracy: 0.9073
[1m546/600[0m [32m==================[0m[37m==[0m [1m0s[0m 17ms/step - accuracy: 0.4424 - loss: 1.0339 - top_3_accuracy: 0.9076
[1m550/600[0m [32m==================[0m[37m==[0m [1m0s[0m 17ms/step - accuracy: 0.4429 - loss: 1.0324 - top_3_accuracy: 0.9080
[1m553/600[0m [32m==================[0m[37m==[0m [1m0s[0m 17ms/step - accuracy: 0.4433 - loss: 1.0313 - top_3_accuracy: 0.9082
[1m556/600[0m [32m==================[0m[37m==[0m [1m0s[0m 17ms/step - accuracy: 0.4437 - loss: 1.0302 - top_3_accuracy: 0.9085
[1m560/600[0m [32m==================[0m[37m==[0m [1m0s[0m 17ms/step - accuracy: 0.4443 - loss: 1.0288 - top_3_accuracy: 0.9088
[1m563/600[0m [32m==================[0m[37m==[0m [1m0s[0m 17ms/step - accuracy: 0.4447 - loss: 1.0277 - top_3_accuracy: 0.9091
[1m567/600[0m [32m==================[0m[37m==[0m [1m0s[0m 17ms/step - accuracy: 0.4452 - loss: 1.0263 - top_3_accuracy: 0.9094
[1m571/600[0m [32m===================[0m[37m=[0m [1m0s[0m 17ms/step - accuracy: 0.4457 - loss: 1.0248 - top_3_accuracy: 0.9098
[1m574/600[0m [32m===================[0m[37m=[0m [1m0s[0m 17ms/step - accuracy: 0.4461 - loss: 1.0238 - top_3_accuracy: 0.9100
[1m577/600[0m [32m===================[0m[37m=[0m [1m0s[0m 17ms/step - accuracy: 0.4465 - loss: 1.0228 - top_3_accuracy: 0.9103
[1m580/600[0m [32m===================[0m[37m=[0m [1m0s[0m 17ms/step - accuracy: 0.4469 - loss: 1.0217 - top_3_accuracy: 0.9105
[1m583/600[0m [32m===================[0m[37m=[0m [1m0s[0m 17ms/step - accuracy: 0.4473 - loss: 1.0207 - top_3_accuracy: 0.9107
[1m586/600[0m [32m===================[0m[37m=[0m [1m0s[0m 17ms/step - accuracy: 0.4477 - loss: 1.0196 - top_3_accuracy: 0.9110
[1m590/600[0m [32m===================[0m[37m=[0m [1m0s[0m 17ms/step - accuracy: 0.4482 - loss: 1.0183 - top_3_accuracy: 0.9113
[1m593/600[0m [32m===================[0m[37m=[0m [1m0s[0m 17ms/step - accuracy: 0.4486 - loss: 1.0172 - top_3_accuracy: 0.9115
[1m596/600[0m [32m===================[0m[37m=[0m [1m0s[0m 17ms/step - accuracy: 0.4490 - loss: 1.0162 - top_3_accuracy: 0.9118
[1m600/600[0m [32m====================[0m[37m[0m [1m0s[0m 17ms/step - accuracy: 0.4495 - loss: 1.0149 - top_3_accuracy: 0.9121